[
  {
    "kind": "board"
  },
  {
    "kind": "card",
    "id": "FD-012"
  },
  {
    "kind": "card",
    "id": "FD-013",
    "gone": true
  },
  {
    "kind": "live",
    "id": "FD-012"
  },
  {
    "kind": "toast",
    "id": "FD-012",
    "text": "FD-012: paused"
  },
  {
    "kind": "work",
    "id": "FD-012",
    "text": "Push 4f1c2aa to morphis/gummi",
    "step": "push"
  },
  {
    "kind": "work",
    "id": "FD-012",
    "err": true,
    "step": "push",
    "done": true
  },
  {
    "kind": "viewers",
    "viewers": [
      {
        "person": "Simon",
        "device": "Mac · Firefox",
        "deviceId": "a1b2c3d4",
        "since": "2026-09-27T09:12:00Z"
      }
    ]
  }
]
