{
  "busy": true,
  "verb": "implementing",
  "since": "2026-09-27T09:12:00Z",
  "streaming": "Running the te",
  "tool": {
    "tool": "Bash",
    "label": "Bash  go test ./...",
    "detail": "go test ./...",
    "status": "running"
  },
  "spent": 1.25,
  "state": "running",
  "stage": "implement",
  "role": "implementer",
  "model": "gpt-5",
  "session": "2026-09-27T09:12:00Z",
  "turns": [
    {
      "author": "gummi",
      "text": "Implement the plan."
    },
    {
      "author": "tool",
      "tool": {
        "tool": "Read",
        "label": "Read  main.go",
        "detail": "main.go",
        "status": "ok"
      }
    },
    {
      "author": "you",
      "text": "keep it small"
    }
  ],
  "consult": {
    "busy": true,
    "notice": "consult is not confined on copilot: it can write to the checkout",
    "verb": "thinking",
    "turns": [
      {
        "author": "you",
        "text": "why two funcs?"
      },
      {
        "author": "thinking",
        "text": "one per backend"
      }
    ],
    "tool": {
      "tool": "Read",
      "label": "Read  main.go",
      "detail": "main.go",
      "status": "running"
    },
    "spent": 0.5,
    "model": "claude-opus",
    "context": {
      "tokens": 41000,
      "limit": 200000
    },
    "tasks": [
      {
        "text": "read the adapter",
        "status": "completed"
      },
      {
        "text": "Fixing the leak",
        "status": "in_progress"
      }
    ],
    "queued": [
      "also fix the docs"
    ],
    "watches": [
      "w1 · go test ./... | grep FAIL"
    ]
  },
  "elsewhere": {
    "pid": 4411,
    "stage": "verify",
    "role": "gummi",
    "since": "2026-09-27T09:12:00Z",
    "busy": true,
    "watching": true,
    "note": "read-only: another gummi process owns this run"
  }
}
