{
  "id": "FD-012",
  "title": "Dark mode",
  "kind": "feature",
  "stage": "verify",
  "sessions": [
    {
      "stage": "plan",
      "role": "architect",
      "flavor": "stage",
      "model": "gpt-5",
      "started": "2026-09-27T09:12:00Z",
      "ended": "2026-09-27T09:12:00Z",
      "turns": 4,
      "tools": 9,
      "toolFails": 0,
      "credits": 3.5,
      "verdict": "approve",
      "tokens": {
        "input": 1200,
        "cached": 800,
        "output": 300
      },
      "contextPeak": 41000,
      "contextLimit": 200000
    },
    {
      "stage": "implement",
      "role": "implementer",
      "started": "2026-09-27T09:12:00Z",
      "turns": 2,
      "tools": 5,
      "toolFails": 1,
      "credits": 1.25,
      "redo": true,
      "redoReason": "corrected"
    }
  ],
  "money": {
    "credits": 4.75,
    "estimated": 0,
    "firstPass": 3.5,
    "rework": 1.25,
    "corrected": 1.25,
    "reproved": 0,
    "elsewhere": 0,
    "byStage": [
      {
        "name": "plan",
        "credits": 3.5
      },
      {
        "name": "implement",
        "credits": 1.25
      }
    ],
    "byRole": [
      {
        "name": "architect",
        "credits": 3.5
      }
    ],
    "byModel": [
      {
        "name": "gpt-5",
        "credits": 4.75
      }
    ]
  },
  "clock": {
    "agentMs": 60000,
    "onYouMs": 120000,
    "idleMs": 30000,
    "elapsedMs": 210000,
    "toFirstGateMs": 180000,
    "toVerifiedMs": 210000
  },
  "hands": {
    "turns": 6,
    "toolCalls": 14,
    "toolFails": 1,
    "tools": [
      {
        "name": "read",
        "calls": 9,
        "totalMs": 40
      },
      {
        "name": "run",
        "calls": 5,
        "fails": 1,
        "detail": "go test ./...",
        "totalMs": 2100
      }
    ],
    "skills": [
      {
        "name": "skill",
        "calls": 2,
        "detail": "gummi-go-verify"
      }
    ],
    "subagents": [
      {
        "name": "task",
        "calls": 1,
        "detail": "where do the stats render"
      }
    ],
    "checks": [
      {
        "name": "build",
        "runs": 3,
        "fails": 1,
        "excused": true
      }
    ]
  },
  "judgment": {
    "gates": {
      "total": 2,
      "byYou": 1,
      "byMachine": 1
    },
    "asks": {
      "total": 1,
      "byYou": 1,
      "byMachine": 0
    },
    "parks": [
      {
        "reason": "verify failed",
        "detail": "1 of 3 checks failed",
        "at": "2026-09-27T09:12:00Z"
      }
    ]
  },
  "envelope": {
    "credits": 2000,
    "left": 1995.25
  }
}
