[38;2;96;95;107;48;2;32;31;38m gummi  │  board  │  inbox  │  agent                        tab cycle · alt+1/2/3 board/inbox/agent [m
[38;2;107;80;255;48;2;32;31;38m╭──────────────────────────────────────────────────────────────────────────────────────────────────╮[m
[38;2;107;80;255;48;2;32;31;38m│[39m                                                                                                  [38;2;107;80;255m│[m
[38;2;107;80;255;48;2;32;31;38m│[39m  [38;2;255;96;255;1mnew feature[39;22m                                                                                     [38;2;107;80;255m│[m
[38;2;107;80;255;48;2;32;31;38m│[39m                                                                                                  [38;2;107;80;255m│[m
[38;2;107;80;255;48;2;32;31;38m│[39m  [37m┃ dark mode toggle                                                                            [39m  [38;2;107;80;255m│[m
[38;2;107;80;255;48;2;32;31;38m│[39m  ┃ [30m                                                                                            [39m  [38;2;107;80;255m│[m
[38;2;107;80;255;48;2;32;31;38m│[39m  ┃ [30m                                                                                            [39m  [38;2;107;80;255m│[m
[38;2;107;80;255;48;2;32;31;38m│[39m  ┃ [30m                                                                                            [39m  [38;2;107;80;255m│[m
[38;2;107;80;255;48;2;32;31;38m│[39m  ┃ [30m                                                                                            [39m  [38;2;107;80;255m│[m
[38;2;107;80;255;48;2;32;31;38m│[39m  ┃ [30m                                                                                            [39m  [38;2;107;80;255m│[m
[38;2;107;80;255;48;2;32;31;38m│[39m  ┃ [30m                                                                                            [39m  [38;2;107;80;255m│[m
[38;2;107;80;255;48;2;32;31;38m│[39m  ┃ [30m                                                                                            [39m  [38;2;107;80;255m│[m
[38;2;107;80;255;48;2;32;31;38m│[39m  ┃ [30m                                                                                            [39m  [38;2;107;80;255m│[m
[38;2;107;80;255;48;2;32;31;38m│[39m  ┃ [30m                                                                                            [39m  [38;2;107;80;255m│[m
[38;2;107;80;255;48;2;32;31;38m│[39m  ┃ [30m                                                                                            [39m  [38;2;107;80;255m│[m
[38;2;107;80;255;48;2;32;31;38m│[39m  ┃ [30m                                                                                            [39m  [38;2;107;80;255m│[m
[38;2;107;80;255;48;2;32;31;38m│[39m  ┃ [30m                                                                                            [39m  [38;2;107;80;255m│[m
[38;2;107;80;255;48;2;32;31;38m│[39m                                                                                                  [38;2;107;80;255m│[m
[38;2;107;80;255;48;2;32;31;38m│[39m  [38;2;96;95;107menvelope: credits · 0 = uncapped[39m                                                                [38;2;107;80;255m│[m
[38;2;107;80;255;48;2;32;31;38m│[39m  [37m> 0[39m [37m                                             [39m                                               [38;2;107;80;255m│[m
[38;2;107;80;255;48;2;32;31;38m│[39m                                                                                                  [38;2;107;80;255m│[m
[38;2;107;80;255;48;2;32;31;38m│[39m    [38;2;96;95;107mprofile: thrifty[39m                                                                              [38;2;107;80;255m│[m
[38;2;107;80;255;48;2;32;31;38m│[39m                                                                                                  [38;2;107;80;255m│[m
[38;2;107;80;255;48;2;32;31;38m│[39m  [38;2;96;95;107m[ Cancel ][39m  [38;2;96;95;107m[ Create ][39m                                                                          [38;2;107;80;255m│[m
[38;2;107;80;255;48;2;32;31;38m│[39m                                                                                                  [38;2;107;80;255m│[m
[38;2;107;80;255;48;2;32;31;38m│[39m  [38;2;96;95;107malt+enter newline · tab next · ←/→ change · enter create · esc cancel[39m                           [38;2;107;80;255m│[m
[38;2;107;80;255;48;2;32;31;38m│[39m                                                                                                  [38;2;107;80;255m│[m
[38;2;107;80;255;48;2;32;31;38m╰──────────────────────────────────────────────────────────────────────────────────────────────────╯[m
[38;2;96;95;107;48;2;32;31;38m gummi   1 todo · 4 active · 1 in review · 1 done                                          esc close[m