[38;2;107;80;255m╭──────────────────────────────────────────────────────────────────────────────────────────────────╮[m
[38;2;107;80;255m│[m                                                                                                  [38;2;107;80;255m│[m
[38;2;107;80;255m│[m  [38;2;255;96;255;1mnew feature[m                                                                                     [38;2;107;80;255m│[m
[38;2;107;80;255m│[m                                                                                                  [38;2;107;80;255m│[m
[38;2;107;80;255m│[m  [37m┃ dark mode toggle                                                                            [m  [38;2;107;80;255m│[m
[38;2;107;80;255m│[m  ┃ [30m                                                                                            [m  [38;2;107;80;255m│[m
[38;2;107;80;255m│[m  ┃ [30m                                                                                            [m  [38;2;107;80;255m│[m
[38;2;107;80;255m│[m  ┃ [30m                                                                                            [m  [38;2;107;80;255m│[m
[38;2;107;80;255m│[m  ┃ [30m                                                                                            [m  [38;2;107;80;255m│[m
[38;2;107;80;255m│[m  ┃ [30m                                                                                            [m  [38;2;107;80;255m│[m
[38;2;107;80;255m│[m  ┃ [30m                                                                                            [m  [38;2;107;80;255m│[m
[38;2;107;80;255m│[m  ┃ [30m                                                                                            [m  [38;2;107;80;255m│[m
[38;2;107;80;255m│[m  ┃ [30m                                                                                            [m  [38;2;107;80;255m│[m
[38;2;107;80;255m│[m  ┃ [30m                                                                                            [m  [38;2;107;80;255m│[m
[38;2;107;80;255m│[m  ┃ [30m                                                                                            [m  [38;2;107;80;255m│[m
[38;2;107;80;255m│[m  ┃ [30m                                                                                            [m  [38;2;107;80;255m│[m
[38;2;107;80;255m│[m  ┃ [30m                                                                                            [m  [38;2;107;80;255m│[m
[38;2;107;80;255m│[m  ┃ [30m                                                                                            [m  [38;2;107;80;255m│[m
[38;2;107;80;255m│[m                                                                                                  [38;2;107;80;255m│[m
[38;2;107;80;255m│[m  [37m> 0[m [37m                                             [m                                               [38;2;107;80;255m│[m
[38;2;107;80;255m│[m                                                                                                  [38;2;107;80;255m│[m
[38;2;107;80;255m│[m    [38;2;96;95;107mprofile: thrifty[m                                                                              [38;2;107;80;255m│[m
[38;2;107;80;255m│[m  [38;2;247;246;251;48;2;90;78;127;1m▸ [22mroute: skip brainstorm[m                                                                        [38;2;107;80;255m│[m
[38;2;107;80;255m│[m                                                                                                  [38;2;107;80;255m│[m
[38;2;107;80;255m│[m  [38;2;96;95;107m[ Cancel ][m  [38;2;96;95;107m[ Create ][m                                                                          [38;2;107;80;255m│[m
[38;2;107;80;255m│[m                                                                                                  [38;2;107;80;255m│[m
[38;2;107;80;255m│[m  [38;2;96;95;107mtab next · ←/→ change · enter create · esc cancel[m                                               [38;2;107;80;255m│[m
[38;2;107;80;255m│[m                                                                                                  [38;2;107;80;255m│[m
[38;2;107;80;255m╰──────────────────────────────────────────────────────────────────────────────────────────────────╯[m
[38;2;96;95;107;48;2;32;31;38m gummi   1 todo · 3 active · 1 in review · 1 done    → actions · space commands · enter run · ? help[m