[38;2;107;80;255;48;2;32;31;38m╭──────────────────────────────────────────────────────────────────────────────────────────────────╮[m
[38;2;107;80;255;48;2;32;31;38m│[39m                                                                                                  [38;2;107;80;255m│[m
[38;2;107;80;255;48;2;32;31;38m│[39m  [38;2;255;96;255;1mnew card[39;22m                                                                                        [38;2;107;80;255m│[m
[38;2;107;80;255;48;2;32;31;38m│[39m                                                                                                  [38;2;107;80;255m│[m
[38;2;107;80;255;48;2;32;31;38m│[39m    [38;2;96;95;107mkind     [38;2;191;188;200m▸ [38;2;247;246;251mfeature[39m    [38;2;96;95;107mbug[39m    [38;2;96;95;107mresearch[39m                                                         [38;2;107;80;255m│[m
[38;2;107;80;255;48;2;32;31;38m│[39m                                                                                                  [38;2;107;80;255m│[m
[38;2;107;80;255;48;2;32;31;38m│[39m  [37m┃ dark mode toggle                                                                            [39m  [38;2;107;80;255m│[m
[38;2;107;80;255;48;2;32;31;38m│[39m  ┃ [30m                                                                                            [39m  [38;2;107;80;255m│[m
[38;2;107;80;255;48;2;32;31;38m│[39m  ┃ [30m                                                                                            [39m  [38;2;107;80;255m│[m
[38;2;107;80;255;48;2;32;31;38m│[39m  ┃ [30m                                                                                            [39m  [38;2;107;80;255m│[m
[38;2;107;80;255;48;2;32;31;38m│[39m  ┃ [30m                                                                                            [39m  [38;2;107;80;255m│[m
[38;2;107;80;255;48;2;32;31;38m│[39m  ┃ [30m                                                                                            [39m  [38;2;107;80;255m│[m
[38;2;107;80;255;48;2;32;31;38m│[39m  ┃ [30m                                                                                            [39m  [38;2;107;80;255m│[m
[38;2;107;80;255;48;2;32;31;38m│[39m  ┃ [30m                                                                                            [39m  [38;2;107;80;255m│[m
[38;2;107;80;255;48;2;32;31;38m│[39m  ┃ [30m                                                                                            [39m  [38;2;107;80;255m│[m
[38;2;107;80;255;48;2;32;31;38m│[39m  ┃ [30m                                                                                            [39m  [38;2;107;80;255m│[m
[38;2;107;80;255;48;2;32;31;38m│[39m  ┃ [30m                                                                                            [39m  [38;2;107;80;255m│[m
[38;2;107;80;255;48;2;32;31;38m│[39m  ┃ [30m                                                                                            [39m  [38;2;107;80;255m│[m
[38;2;107;80;255;48;2;32;31;38m│[39m  ┃ [30m                                                                                            [39m  [38;2;107;80;255m│[m
[38;2;107;80;255;48;2;32;31;38m│[39m  ┃ [30m                                                                                            [39m  [38;2;107;80;255m│[m
[38;2;107;80;255;48;2;32;31;38m│[39m                                                                                                  [38;2;107;80;255m│[m
[38;2;107;80;255;48;2;32;31;38m│[39m    [38;2;96;95;107mbecomes  [39mFD · dark-mode-toggle                                                                [38;2;107;80;255m│[m
[38;2;107;80;255;48;2;32;31;38m│[39m    [38;2;96;95;107mruns as  [39m2400 credits · thrifty   [38;2;191;188;200malt+o[38;2;96;95;107m edit[39m                                                  [38;2;107;80;255m│[m
[38;2;107;80;255;48;2;32;31;38m│[39m                                                                                                  [38;2;107;80;255m│[m
[38;2;107;80;255;48;2;32;31;38m│[39m  [38;2;96;95;107m[ Cancel         ][39m  [38;2;96;95;107m[ Create         ][39m  [38;2;96;95;107m[ Create & start ][39m                                      [38;2;107;80;255m│[m
[38;2;107;80;255;48;2;32;31;38m│[39m                                                                                                  [38;2;107;80;255m│[m
[38;2;107;80;255;48;2;32;31;38m│[39m  [38;2;96;95;107mtab rows · alt+g browse issues · alt+o options · alt+enter newline · enter create · esc cancel[39m  [38;2;107;80;255m│[m
[38;2;107;80;255;48;2;32;31;38m│[39m                                                                                                  [38;2;107;80;255m│[m
[38;2;107;80;255;48;2;32;31;38m╰──────────────────────────────────────────────────────────────────────────────────────────────────╯[m
[38;2;96;95;107;48;2;32;31;38m gummi   1 todo · 4 active · 1 in review · 1 done                                          esc close[m