[48;2;107;80;255m [38;2;255;250;241;1mgummi[39;22m [38;2;58;57;67;48;2;32;31;38m │ [39;48;2;90;78;127m [38;2;247;246;251mboard[39m [38;2;58;57;67;48;2;32;31;38m │ [39m [38;2;133;131;146minbox[39m [38;2;232;254;150m✉1[39m [38;2;58;57;67m │ [39m [38;2;133;131;146magent[39m                     [38;2;133;131;146mtab[38;2;96;95;107m cycle · [38;2;133;131;146malt+1/2/3[38;2;96;95;107m board/inbox/agent[39m [m
[48;2;32;31;38m                                                                                                    [m
[48;2;32;31;38m   [38;2;107;80;255;1mthread[38;2;96;95;107;22m  ·  [38;2;133;131;146mspec[39m [38;2;191;188;200malt+s[38;2;96;95;107m  ·  [38;2;133;131;146mdiff[39m [38;2;191;188;200malt+d[39m   [38;2;96;95;107m‹ [38;2;191;188;200mesc[38;2;96;95;107m backlog  ·  1 of 1[39m  [38;2;191;188;200malt+j/k[38;2;96;95;107m prev/next card[39m          [m
[48;2;32;31;38m                                                                                                    [m
[48;2;32;31;38m  [38;2;255;96;255;1mFD-001[39;22m [38;2;247;246;251m· Dark mode[39m   [38;2;96;95;107m[thrifty][39m   [38;2;96;95;107mautopilot: off[39m   [38;2;96;95;107m0 / 2000 credits[39m                                [m
[48;2;32;31;38m                                                                                                    [m
[48;2;32;31;38m  [38;2;96;95;107mtodo ─ plan ─ [39;48;2;0;255;178m [38;2;32;31;38mimplement[39m [38;2;96;95;107;48;2;32;31;38m ─ verify ─ done[39m                                                         [m
[48;2;32;31;38m                                                                                                    [m
[48;2;32;31;38m  [38;2;96;95;107m⌄ [38;2;133;131;146mspec[38;2;96;95;107m · Implementation notes[39m [38;2;58;57;67m───────────────────────────────────────────────────────────[39m [38;2;191;188;200malt+s[39m   [m
[48;2;32;31;38m                                                                                                    [m
[48;2;32;31;38m    [38;2;96;95;107m↑ 5 more · [38;2;191;188;200mpgup[39m                                                                                 [m
[48;2;32;31;38m    [38;2;96;95;107m· [38;2;133;131;146medit[39m  [38;2;96;95;107mpalette.go[39m                                                                              [m
[48;2;32;31;38m    [38;2;96;95;107m· [38;2;133;131;146mbash[39m  [38;2;96;95;107mgo test ./...[39m                                                                           [m
[48;2;32;31;38m                                                                                                    [m
[48;2;32;31;38m  [38;2;255;96;255;1mreviewer[39;22m                                                                                          [m
[48;2;32;31;38m    [38;2;191;188;200mDone: toggle wired, tests green.[39m                                                                [m
[48;2;32;31;38m                                                                                                    [m
[48;2;32;31;38m    [38;2;96;95;107mfake · fake-model · 2 credits[39m                                                                   [m
[48;2;32;31;38m                                                                                                    [m
[48;2;32;31;38m                                                                                                    [m
[48;2;32;31;38m   [38;2;247;246;251mImplement finished and its critique passed — the diff has not been read yet.[39m                     [m
[48;2;32;31;38m                                                                                                    [m
[48;2;32;31;38m  [38;2;133;131;146mgummi[39m  [38;2;247;246;251mimplement is ready for your decision.[39m                                                      [m
[48;2;32;31;38m  [38;2;191;188;200;1m▸ [39;22m1. advance to verify[38;2;96;95;107m — the critique passed — run the checks[39m                                     [m
[48;2;32;31;38m  [38;2;247;246;251m  2. send it back[38;2;96;95;107m — re-runs implement with what is wrong — your line goes with it[39m                 [m
[48;2;32;31;38m  [38;2;247;246;251m  3. stop here[38;2;96;95;107m — park it — nothing runs until you come back[39m                                       [m
[48;2;32;31;38m                                                                                                    [m
[48;2;32;31;38m  [38;2;191;188;200m┃ [38;2;107;80;255;7mm[38;2;96;95;107;27message the agent, /approve /verify /diff…, or ↑ for actions[39m                                    [m
[48;2;32;31;38m                                                                                                    [m
[38;2;247;246;251;48;2;107;80;255m [38;2;255;250;241;1mgummi[39;22m [48;2;32;31;38m [48;2;77;76;87m [38;2;191;188;200mFD-001: diff written → critiquing[39m [48;2;32;31;38m          [38;2;191;188;200m↑↓[39m [38;2;133;131;146mchoose[38;2;96;95;107m · [38;2;191;188;200menter[39m [38;2;133;131;146madvance to verify[38;2;96;95;107m · [38;2;191;188;200mesc[39m [38;2;133;131;146mboard[m