# Using gummi to ship a feature or bug

gummi is a meta-harness that drives coding agents through a **fixed, spec-driven
workflow** — plan → implement → verify — with each work item on its own git
worktree and branch. You (the calling agent) invoke `gummi run`, answer the
questions it delegates to you, and report the **verified branch** it produces.
gummi orchestrates the coding work; it never merges and never skips review or
verify.

## When to use gummi (vs. editing directly)

Use gummi for **PR-sized work that deserves a real quality bar** — a feature or
bug fix that warrants a written spec, an independent code review, a verify pass
(build/test/lint + acceptance checks), and an isolated branch a human can review
before it lands.

Edit files directly for **trivia**: a typo, a one-line config tweak, a rename —
anything where a spec-and-review cycle is pure overhead. If the change is big
enough that you'd open a PR for it, it's big enough for gummi.

**Oversized asks:** if the request spans several independently shippable pieces,
don't push it through one run. Decompose it into PR-sized features yourself and
loop `gummi run` once per feature, sequentially — one verified branch each. When
the pieces only make sense together, a **goal** runs them as one unit:
`references/goals.md`.

## Before the first run

```
gummi doctor --json
```

It returns a readiness checklist and exits **7** while anything is failing, 0
once the workspace is ready. If it is not ready, fix it with
`references/setup.md` — backend, profile, auth and envelope, each with what to
write and what to hand the human. Skip all of that once it reports
`ready: true`; you never need it again in this repo.

## Command grammar

```
Flags shared by run, research, diagnose and resume — listed again under a
verb only where that verb means something different by one:

    --autonomous              auto-take the recommended answer instead of checkpointing questions
    --base string             branch the card's work forks from and lands on (default: whatever the repository has checked out)
    --envelope dollars        spend budget for the card, in dollars (required; falls back to GUMMI_ENVELOPE)
    --gate-approval string    who crosses this card's gates: attended|autopilot (retired spellings off/gates/caller/full still accepted; persisted on the card; resume keeps it)
    --profile string          profile mapping roles to models (default: first configured)
    --ref string              external correlation id, echoed in the stream and persisted for status/resume lookup
    --repo string             managed repository to create the card in (a configured repos: name; required when repos: is configured)
    --stage-timeout duration  per-stage inactivity timeout (0 disables)
    --until string            stop cleanly before crossing the gate that leaves the design stage (default: run to a verified branch)
    --verbose                 add per-tool-call activity lines to the stream

gummi run [flags] "<description>"
    --acceptance string  acceptance criteria to seed the spec draft's Verification plan (a file path, or - for stdin)
    --adopt string       mint the card onto this existing branch instead of cutting one for it; gummi never deletes or rewrites it
    --pr string          mint the card onto the branch behind this pull request (url or number), link it, and pull its review comments in as diff annotations

gummi research [flags] "<brief>"
gummi diagnose [flags] "<symptom>"
    --envelope dollars  spend budget for the research card, in dollars (required; falls back to GUMMI_ENVELOPE)
    --until string      stop cleanly before crossing the gate that leaves this stage (only "plan" is a valid stop)

gummi resume <id|ref> [decision]
    --answer string           answer a delegated ask_user question
    --approve                 approve a design gate handed back by --gate-approval=attended
    --bounce                  rewind one rerun edge — a verify-fail escalation to the work stage, an implement-stage card back to plan — and continue (the TUI's b key)
    --envelope dollars        raise the spend budget before resuming, in dollars (required to clear a card that ran out; never lowers it)
    --gate-approval string    who crosses this card's later gates: attended|autopilot (retired spellings still accepted; inherits the run's mode when omitted; pass to change it)
    --note string             addendum to the reborn stage's kickoff (used with --bounce)
    --ref string              external correlation id, echoed in the stream
    --request-changes string  send a design gate back with a note
    --say string              read a line the way the card page would and report what it would do, as a say event, without acting

gummi verify <id|ref>

gummi merge <id|ref> -m <message|->
    -m, --message string  landing commit message (required for a squash; - reads from stdin)
    --no-squash           land as a merge commit keeping the branch's commits (default: one squash commit); -m is optional and git's merge message is used without it

gummi squash <id|ref> -m <message|->
    --force               proceed even if the linked PR has open review threads
    -m, --message string  collapsed commit message (required; - reads from stdin)

gummi commit <id|ref> -m <message|->
    -m, --message string  commit message for the card's uncommitted worktree changes (required; - reads from stdin)

gummi log <id|ref>
    --json  emit the commits as JSON (the shape the board's web page reads)

gummi rewrite <id|ref> --plan <file|->
    --allow-pushed  rewrite commits the remote already has; the branch will then need a force push, which gummi prints and never runs
    --dry-run       say what the plan would do and move nothing
    --plan string   the branch as it should read, oldest first (a file path, or - for stdin): {"head":"<tip>","groups":[{"commits":["<sha>",…],"message":"…"},…]} — every commit in exactly one group

gummi handoff <id|ref>

gummi clean <id|ref>

gummi status <id|ref>
    --json   emit machine-readable JSON instead of the text summary
    --stats  report where the card's money and hours went instead of where it stands

gummi watch <id|ref>
    --json  emit the raw record stream as NDJSON instead of the rendered transcript
    --once  exit when the current session ends instead of following the card's next one
    --wait  block until the card has a live stream instead of failing when none exists

gummi spec <id|ref>

gummi diff <id|ref>

gummi doctor
    --deep  probe per-role model reachability with a live backend turn (TTL-cached)
    --json  emit the readiness checklist as JSON (the skill's setup path)

gummi deps add <dependent> <depends-on>

gummi deps rm <dependent> <depends-on>

gummi deps list <id>

gummi skill show|install|list
    --agent string  target a specific agent: claude|codex|opencode|copilot|pi (default: detect)
    --check         verify every target is up to date; write nothing, fail if any is absent/foreign/drifted
    --dry-run       print what would be written, change nothing
    --force         overwrite an existing skill bundle (default: refuse and warn on drift)
    --scope string  install scope: project|user (default: project, or ask when interactive)
```

A run drives one card through the workflow: plan → implement → verify. There is
one route — plan is the design stage (it explores the problem, converges on an
approach and writes the implementation plan), implement is the coding stage, and
verify runs the checks. Each stage ends with a critique pass before its gate.
The design gate auto-crosses under `--gate-approval=autopilot`; the default,
`attended`, stops for you to approve it.

`status`, `watch`, `spec`, and `diff` are **read-only** — they take no lock, so
you can inspect a card while a run is live. `status` answers *where* a card is
(a store snapshot, updated once per turn); `gummi watch <id>` follows what it is
doing *right now* — the agent's own transcript, tool calls, and state changes,
streamed off the driving process's live file. `watch --json` emits that stream
as NDJSON, one record per line, for a caller that would rather parse than read.

## The decision loop

Each `gummi run` / `gummi resume` streams milestone + decision NDJSON on stdout
and exits with a **typed status**. Branch on the exit code:

| Exit | Status | What it means / your action |
|------|--------|-----------------------------|
| 0 | `verified` | verified branch ready — report it upward, stop |
| 0 | `stopped` | clean `--until` stop — `resume <id> --approve` crosses the gate and continues |
| 1 | `error` | setup/agent failure — check `status <id>`; resumable if a non-terminal card exists (`resumable` on the error event) |
| 2 | `question` | a delegated ask (`question` event) → `resume <id> --answer <text>`; a caller gate (`gate` event) → `resume <id> --approve` or `--request-changes <note>` |
| 3 | `blocked` | open %% or diff threads block a gate — resolve them, then `resume <id>`; or `resume <id> --request-changes <note>` to bounce it back |
| 4 | `escalation` | rerun/critique cap or unclear verdict — report to the human; once they address it, `resume <id>` re-runs the stage. A verify-fail (or review cap-hit) carries `next: resume <id> --bounce --note "<why>"`, which rewinds the feature to implement/fix and drives review→verify again |
| 5 | `exhausted` | budget dry — `resume <id> --envelope <dollars>` (more than the dry budget) raises it and continues |
| 6 | `timeout` | a stage went quiet — read the event `hint`, report to the human; `resume <id>` re-runs the stage |

**Capture that exit code directly — never through a pipe.** `gummi run … | tee
run.log` (or `| head`, `| grep`) reports the *filter's* exit status, not
gummi's, so a `question`/`exhausted`/`error` looks like success. Redirect to a
file and read `$?` on the next line:

```
gummi run --envelope N "<description>" > run.log; ec=$?
```

(or `set -o pipefail` if you must pipe). Equivalently, the exit code is fully
redundant with the stream: the **last NDJSON line's `event`** (`verified`,
`question`, `blocked`, `escalation`, `exhausted`, `timeout`, `stopped`,
`error`) is the terminal status — parse that if you'd rather not depend on the
shell.

Every resumable terminal event also carries a **`next`** field: the literal
`gummi resume …` command for that stop, with the right verb already chosen
(free-form values you must supply appear as a `<placeholder>`, e.g. `--answer
"<answer>"`, and `exhausted` pre-fills a doubled `--envelope`). **Prefer running
`next` verbatim over assembling the command yourself** — it can't pick the wrong
verb. `verified` carries no `next` (nothing to resume); `blocked` carries none
because its next step is to resolve the threads, not a fixed command.

The loop you run:

1. `gummi run --envelope N "<description>"` (add `--ref <id>` to correlate with
   your own tracker, `--acceptance <file|->` to seed the verification plan).
2. Read the exit code:
   - **verified (0)** — parse the final `verified` line for the branch; report
     it to your caller/human and stop. The branch is verified, not merged.
   - **question (2)** — a design decision was delegated to you. Answer from your
     **task context first**; if unsure, read the spec (`gummi spec <id>`) or diff
     (`gummi diff <id>`); use the `recommended` option only as a tiebreaker.
     Then `gummi resume <id> --answer "<text-or-option>"`. A design gate (the
     default, `--gate-approval=attended`) is the same shape: `resume <id>
     --approve` or `--request-changes "<note>"`.
   - **blocked (3)** — either open `%%` spec threads or diff comments block a
     gate (resolve them, or `gummi resume <id> --request-changes "<note>"` to
     send it back; if you can't, escalate to the human), or an unmet dependency
     blocks entry to the coding stage — the event's `blocking_deps` names the
     outstanding card(s) and their stage. There's no gate to request changes on
     in that case: wait for the dependency to reach `done`, or drop the edge
     with `gummi deps rm <id> <dep-id>` if it no longer applies.
   - **escalation (4) / exhausted (5) / timeout (6)** — stop and report to the
     human. These are durable and resumable: the card stays on the board, and
     `next` carries the command for each. Run the
     `preconditions.check_running` probe on the event before retrying —
     `references/resume.md` says why, and which verb to reach for when you
     choose one yourself.
   - **error (1)** — a setup/agent failure. Check `gummi status <id>`: a
     pre-id setup failure landed nothing (report it), but a mid-run failure
     can leave a durable, non-terminal card that a `gummi resume <id>` may
     finish — the error event's `resumable`/`stage` fields say which.
3. After a `resume`, read the new exit code and repeat until `verified`.

For a **small or well-specified** card whose delegated questions you'd answer
with the `recommended` option anyway, start with `--autonomous`: it auto-takes
the recommended answer instead of stopping at `question`, shipping to a verified
branch hands-free. Reserve the checkpointing loop above for genuinely ambiguous
forks where the recommended answer might be wrong.

## Stop early for a human design review

For work where a human should sign off on the design before implementation burns
tokens, add `--until plan`. The run stops cleanly at the design stage — event
`stopped`, exit 0 — with the card parked and resumable. Hand the spec to the
human (`gummi spec <id>`); once approved, `gummi resume <id> --approve`
continues to the verified branch. `plan` is the only stop `--until` accepts:
the design gate is the one boundary where stopping is unambiguous.

`--until` is per-invocation only — it is never persisted on the card, so a bare
`resume --approve` with no `--until` runs straight through to the end.

## Research and diagnosis cards

`gummi research "<brief>"` mints one RS card from a free-form brief and drives
it to the decompose gate; `gummi diagnose "<symptom>"` is the same card for
behaviour somebody saw rather than a question somebody asked. Both run the same
stages every card does, with two differences: the implement stage is read-only
(it gathers evidence rather than writing code) and the card never gets a
worktree.

At the gate the stream emits a `question` event whose payload carries the
proposed follow-on FD slices plus a coverage map, and the run exits `question`
(code 2). From there, `gummi resume RS-NNN --approve` mints each proposed FD and
moves the RS card to `done`; `--request-changes "<note>"` re-runs the decompose
pass with the note attached and emits a fresh `question`. `status` and `spec`
work as they do for any card.

## Worktrees, and re-attaching a proven branch

Each card is checked out in its **own linked git worktree** under
`.gummi/worktrees/FD-NNN`, on branch `gummi/FD-NNN-slug`. That branch is
*already checked out there*, so a plain `git checkout gummi/FD-NNN-…` in the
main repo fails (`exit 128`, "already checked out"). To build, test, or inspect
a branch outside gummi, `cd` into its worktree — don't check the branch out in
the main checkout.

If a `run`/`resume` was cut off **right at the end of verify** — the branch has
all its commits and passes the acceptance checks, but the card is still
`stage: verify` with `verified: false` (e.g. `status <id>` shows it) — you don't
have to re-run the whole verify stage. `gummi verify <id>` re-runs the spec's
`gummi-checks` on the existing branch and, if they pass, finalizes the card
(stamps `verified`, emits the `verified` event, exit 0) with no fresh agent
pass. If the checks still fail it escalates (exit 4); if a cheap re-attach can't
be trusted (not parked at verify, no checks) it exits 1 and points you back to
`resume`.

## Landing, cleanup, and dependencies

`run`/`resume` stop at a verified branch and never merge. Landing that decision
is a separate, explicit verb: `gummi merge <id> -m "<message>"` (or `-m -` to
read the message from stdin) squash-merges the branch into main — but only once
the card is at a verified branch, and only with a Conventional Commits
`type(scope): summary` message with no diff dump or agent attribution, or it
refuses before touching git. Draft that message from the spec and the branch's
own commits, and have the human confirm it before you run `gummi merge` — don't
invent a message and merge unattended. `gummi clean <id>` removes a landed
card's worktree and branch afterward. Both hold the same per-card lock as
`run`/`resume`.

`gummi commit <id> -m "<message>"` commits exactly a card's own uncommitted
worktree changes onto its own branch, with the same message rules as
`merge`/`squash` — no auto-generated fallback, and refused before touching git
if invalid. It has no PR-linked or stage precondition, unlike `merge` (which
refuses a PR-linked card outright) and `squash` (which refuses a dirty worktree
outright): use `commit` first to turn stray worktree changes into a commit, then
run `squash` on a PR-linked card that has them, in place of raw `git commit`. A
clean worktree is a no-op, not an error.

`gummi log <id>` lists a card's own commits, oldest first (`--json` for the
SHAs). `gummi rewrite <id> --plan <file|->` rewords or squashes them in place:
the plan lists every commit, oldest first, in contiguous groups, each group
becoming one commit with the message given. Reordering and dropping cannot be
expressed, so the branch's content never changes; `--dry-run` shows the result
first. It refuses while an agent holds the card, on an adopted branch, and on
commits already pushed unless `--allow-pushed` — then prints the force push,
which it never runs. Like `squash`, rewriting history is the human's call: ask
before you run it.

If a card depends on another (`gummi deps add <dependent> <depends-on>`,
`rm`/`list` to remove or read them back), an unmet dependency blocks it from
entering its coding stage — see the `blocked (3)` case above.

## What gummi guarantees

- **Review and verify always run.** There is no flag, profile, or config that
  skips them — the quality floor is invariant.
- **gummi stops at a verified branch. It never merges.** Landing (a PR, a push, a
  squash-merge) stays with the human.
- **It fails loud.** Anything a human would resolve — a design question, a
  rerun/critique cap, an exhausted envelope, a stalled stage — becomes a typed
  non-zero exit and a durable, resumable card, never a silent auto-proceed.

Your job: drive the loop, answer what's delegated to you, and report the verified
branch upward.

## References

Read these only when you need them; SKILL.md above is the whole common path.

- `references/setup.md` — first-run readiness: backend, profile, auth, envelope.
- `references/resume.md` — choosing a `resume` verb yourself, and the
  orphan-process check to run before any retry.
- `references/goals.md` — `gummi goal`: one card whose work is other cards.
