                                                                                
                                                                                
                                                                                
                                                                                
                                                                                
                                                                                
                                                                                
                                                                                
                           [38;2;255;96;255m▄[m[38;2;255;105;248m▀[m[38;2;255;114;241m▀[m[38;2;255;122;234m▀[m[38;2;255;130;227m▄[m [38;2;255;145;213m█[m   [38;2;255;172;183m█[m [38;2;255;185;168m▄[m[38;2;255;191;160m▀[m[38;2;255;197;152m▄[m[38;2;254;203;144m▀[m[38;2;253;209;136m▄[m [38;2;249;221;118m▄[m[38;2;247;227;108m▀[m[38;2;244;233;98m▄[m[38;2;242;239;87m▀[m[38;2;239;244;74m▄[m [38;2;232;255;39m▀[m                            
                           [38;2;255;96;255m█[m   [38;2;255;130;227m█[m [38;2;255;145;213m█[m   [38;2;255;172;183m█[m [38;2;255;185;168m█[m [38;2;255;197;152m█[m [38;2;253;209;136m█[m [38;2;249;221;118m█[m [38;2;244;233;98m█[m [38;2;239;244;74m█[m [38;2;232;255;39m█[m                            
                           [38;2;255;96;255m▀[m[38;2;255;105;248m▀[m[38;2;255;114;241m▀[m[38;2;255;122;234m▀[m[38;2;255;130;227m█[m [38;2;255;145;213m▀[m[38;2;255;152;205m▄[m[38;2;255;159;198m▄[m[38;2;255;166;191m▄[m[38;2;255;172;183m▀[m [38;2;255;185;168m█[m [38;2;255;197;152m█[m [38;2;253;209;136m█[m [38;2;249;221;118m█[m [38;2;244;233;98m█[m [38;2;239;244;74m█[m [38;2;232;255;39m█[m                            
                           [38;2;255;96;255m▄[m[38;2;255;105;248m▄[m[38;2;255;114;241m▄[m[38;2;255;122;234m▄[m[38;2;255;130;227m▀[m                                                
                                                                                
                        [38;2;191;188;200ma meta-harness for coding agents[m                        
                                  [38;2;96;95;107mv0.1.0-test[m                                   
                                                                                
                                                                                
                                                                                
                                                                                
                                                                                
                                                                                
                                                                                
                                                                                
                                                                                